// Jest Snapshot v1, https://goo.gl/fbAQLP

exports[`SimpleChRoMap component should render 1`] = `
<SimpleChRoMap>
  <svg
    aria-labelledby="uniqueTitleId uniqueDescId"
    id="westSwitzerlandMap"
    role="img"
    viewBox="0 0 379.26 362.65"
    xmlns="http://www.w3.org/2000/svg"
  >
    <title
      id="uniqueTitleId"
    >
      Carte de la Suisse romande
    </title>
    <desc
      id="uniqueDescId"
    >
      Une carte de la suisse romande, avec les cantons délimités, et 4 villes marquées par des points.
    </desc>
    <g
      id="lac-leman"
    >
      <polygon
        className="lake"
        points="25.27 288.05 34.27 251.05 42.27 237.05 79.28 216.05 103.28 216.05 133.28 226.05 150.28 237.05 145.28 249.05 133.28 251.05 117.28 247.05 80.28 251.05 67.28 258.05 50.27 264.05 40.27 270.05 37.27 281.05 30.27 290.05 25.27 288.05"
      />
      <path
        className="canton"
        d="M42.3,271.6c-.6-.7-1.8-2-.5-2.6,1.5-.7,1.1-2.8.6-4.2,1.5-.6,1.3-3.4,1.9-4.5a9.58,9.58,0,0,0,2.6-4c.4-.9,0-1.3.9-2,1.2-.9,2.6-3.2,4.1-3.3.9-.1,1.4-.9,2.3-.9s1.6.4,2.5.2c1.9.2,1.1,1.5,2,2.8a7.54,7.54,0,0,0,5,3.5c.9.2,2.5-2.9,3.4-3.4,1.3-.8,2.7-.5,4.1-1.2,2.1-1.1,5.3-2.1,6.8-3.9.8-1,.2-1.6.4-2.7s2.5-1.7,3.3-2.2a10.55,10.55,0,0,1,2.5-.2l.2.2c0,.2.7.7.9.7.9,1.5,4.1.9,5.3.4,3.5-1.4,7.3-1.3,11-1.8,3.5-.5,8,.3,11.3-.5a24.55,24.55,0,0,1,6.5,1.5,27,27,0,0,0,4.5,1.6c.6.1,2.9-.2,3-.1l-.6,1.8c.5,1.5.7,1.6-.7,2.7"
        transform="translate(0.38 0.35)"
      />
    </g>
    <path
      className="canton"
      d="M205.1,14l.5,1.7a4.13,4.13,0,0,0,1.7,1.5,7.74,7.74,0,0,1,1.6.7c.3.2.4.6.6.8,1,1.3,2,1,3.3,1.3h0l2.1,2.3c.6.2.5.7,1,1,.8.6,1.7.5,2.5.8.3.1.1,1.3,0,1.6-.9,3,2.2,1.7,4,2h0c.9.4,1.7.9,2.6,1.4s4.3,1.3,5.1.9c1.4-.5,2.2-1.5,3.8-1.4.8,0,2,.5,1.5,1.4-1,1.7,1.6.8,2,2,.2.6-.5,1-.5,1.6s.8,1.5,1.3,1.4l1.7.4h0c-.5.4-.8,1.1-1.3,1.5a10.93,10.93,0,0,1-1.5.8c-.7.3-1.7,1.6-1.4,2.4.2.5,1.3.5,1.7.5a5.39,5.39,0,0,1,2.5.3h0l-5.2,1.5c-1.2.7-5,3.7-6.3,2.1s-5.9-1.1-7.8-.8c-1.2.2-1.1-.5-2-.9-1.1-.5-5-1.5-5.9-.9-1.2.8-1.8,1.8-3.4,2-1.4.5-2.1.4-3.4,1.3-.9.6-1.2,2.1-2.1,2.6-1.4.7-6,1.3-7.4.7-1.2-.5-2.7.2-4.2-.2-1.8-.4-4.7.5-4.7-1.9-.2-.2-1,0-1.2.1-.5.2-6.4-.8-4.9,1.5a2.44,2.44,0,0,1-.8,3.4,4.88,4.88,0,0,1-.7.3c-1.8.6-.7,1.5-1.4,2-.5.4-1.3.4-.3,1.2.5.4,1.1.2,1.1,1.2,0,2.3-3.6,2.1-5.2,2-.7,0-.8-.7-1.4-.5-1.2.3-2.1,2.3-3.4,1.3-1.1-.9-2-1-3.7-.2-1.1.5,0,1.2-.5,1.9-1.3,1.6-2.7,1.1-2.9,3.9-1,2.1-1.6,4.7-4.4,4.7-3.5,0-1.5,1.3-3.3,3.3-3,3.4-4-4.9-7.3-.1a14.65,14.65,0,0,1-6,5.3c-3.7,1.6-3.5-.9-4.2-3.8l-1.8,1.7h0a1.38,1.38,0,0,0-.4-.3c-1.2-.5-3.5-.3-2.4-1.9.7-1.1,3.6-.8,4.3-2.2.4-.8.3-1.7.9-2.4s1.8-1,2.5-1.9c1.1-1.4,3.7-2,4.4-3.7s.7-1.7,1.9-2.5c.9-.6.6-2,1.5-2.3a1.44,1.44,0,0,0,.9-1.1c-.1-1.3-1.1-.3-.2-2.1a3.22,3.22,0,0,0-.1-1.7c-.3-1.2-1.4-3.5-1.2-4.7.5-3.1,3.3-1.4,5.4-1.9,1.4-.3,2.9-.7,4.3-1l1.1-2.8c.2-.9.7-3.5,1.8-3.9s4.8.9,4.8-1.4c0-2.5-.4-6.4-3.1-6.8-1.4-.2-.7-.8-1.2-1.1s-1.6-.1-2.3-.7c-.6-.4-1.5,1.2-1.9,1.6-1.3,1.3-2.7.9-4.4.9a28.53,28.53,0,0,0-7.1,1.2c-1.1.3-1.7-.4-2.7-.4s-4.6,2.6-4.1.3c0-2.1.3-4.6,2.7-5.3,3.4-1.1,1-2.8,3.1-4.5,1.5-1.2,3.6-1,4-3.6.3-1.8-1.4-4.4,1.8-3.9,1.6.3,2.4-1.1,2.8-2.4s2.2-.6,3.4-.9c2.3-1.7.4-3.7-.9-5.1-.5-.5-.4-4.4.2-5,4.2-3.9,7.5-.3,11.9,1.3,2.7,1,8.1-4.2,10-3.1l4.3,2.5c2.4,1.4,3.4-.9,5.3-.9,0,1.3-1.2,2.1-1.9,3a26.4,26.4,0,0,0-1.8,3.8c0,1.3.5,4.3-1,5,0,.3,1.7.4,2,.4a3.67,3.67,0,0,1,2.5.7c1.9,1.4,3.8-1.7,5,.1.6.8,1.5,1.7,1.5,2.8,0,1.8,1.8.4,2.8-.2,1.8-1.1,4.6-1.6,6.2-2.8a19.42,19.42,0,0,1,3.3-.7Z"
      id="canton-jura"
      transform="translate(0.38 0.35)"
    />
    <path
      className="canton"
      d="M135.2,75.4l4.2,7.8c0,1.4-1.5,4.3-2.4,5.4-1,1.3-1,2.8-1,4.4.1,0,.1,0,.1-.1.9,0,3.4-2.2,4.4-2.6,3.1-1.4,6-3.3,9.5-3.8,2.8-.4,4.4-.5,6.8-1.8.9-.5,1.8-.1,2.9-.7,2.1-1.1,2.4.1.8,1.4-1.3,1.1-.6,1.8-.6,3.3.8.2,1.2-.6,1.9-.7,1.8-.3,1.8,1.1,3.1,1.5,1.5.5,4.5,1.5,3.5,3.8-.8,1.9-1,1.8,0,3.7,1.4,2.7-.9,4.1-3.3,4.9-3.4,1.1-3.8,2.5-4,5.9l-.1,1.3-1.2,1.5,2,5.8h0l-5.3-1.6-11.2,7.5-4.9,6.1-4.5,3.3h0l-13.1,12.5h0l-5.3-4.8c-1.4-.9-1-2-1-3.4,0-1.7-.9-2.1-2.2-2.9-2.9-1.9,1.2-6.4,0-6.9s-5,2-6,2.6c-2.8,1.5-4.8,2.8-6.5,5.5a4.71,4.71,0,0,1-3.9,2.6c-1.8,1.2-3.8.1-5.5,1.3-1.5,1.1-3.6,1.7-5.1,2.8-.9.6-1.5,1.7-2.4,2.4-1.1.9-2.4.7-3.6,1.4-1.5.8-3.3,1.5-5,1l-2-1.1h0a16.68,16.68,0,0,0,.5-3.1c.2-1.5-.1-5,.7-6.2l-2.7-4.9c-.6-1.1-2.6-1.9-1.2-2.9,2.7-2,3.8-5.6,6.4-7.5,2.2-1.6,1-2.9,3.3-1.1.6.5,1.5-.2,2.1-.5,3-1.5,6.7-1.3,9.7-3.2,1.7-1,1.2-1.7,3.2-1.8,1.5-.1,3.7,0,4.7-1.2a6.43,6.43,0,0,0,2.2-2.7,21.72,21.72,0,0,1,.7-2.4,6.73,6.73,0,0,1,4.1-3.1c1.2-.3,2-.3,2.8-1.2.5-.5,3-2.1,3-2.6-1-.2-3.5-2.6-4-3.5.8-.5,2.3-.9,2.1-1.8s-.3-1.6.4-2.1a.76.76,0,0,1,.4-.2c1-1.1,4.4,1.1,4.6-.7s-1.2-3.6.6-4.4c1.1-.5,1.9-1.5,3.2-1.9a20.88,20.88,0,0,0,4.1-1.7c.9-.5,1.4-1.5,2.2-1.8.4-.2,3.6-2.8,4.2-3.3.6-.7,4.3-2.5,3.6-3.5Z"
      id="canton-neuchatel"
      transform="translate(0.38 0.35)"
    />
    <path
      className="canton"
      d="M118.7,170.3a4.82,4.82,0,0,0,1.5-2.2,7.49,7.49,0,0,1,2-1.5c.4-.2,1.2-.2,1.4.3a4.1,4.1,0,0,1,.1,1.1c0,.4.2.7.1,1.1-.2.8-.9,1.4-1.2,2.2-.5,1.2-1,2.3-2.4,2.6-.4.1-.9-.7-1.1-1.1-.4-.8-1.3-.9-.8-1.9l.4-.6Zm6.9-.2c2.6-.6,3.1-1.3,4.4-3.4.7-1.1,1.9-2.1,2.7-3.3,1.7-2.8,2.7,1.9,4.4,2.6,2.3,1,.1,2.9-.7,4.2-.5.9-1.4,3-2.7,2.7s-1.2-1.9-2.1-2.3c-1.4-.7-2.6.7-3.8,1.5a3.44,3.44,0,0,1-2,.4c-1.3-.1-.8-.8-1-1.6l.8-.8Zm48.3-37.4c.3-.3,0-1.2.1-1.6a2.08,2.08,0,0,1,1.7-2.2c.9,0,1.2.7,1.5,1.4.2.5.6.7.2,1.2-.3.3-.8.4-1.2.7a5.24,5.24,0,0,0-1.1,1,.71.71,0,0,1-.6.3c-.2,0-.7-.2-.6-.4v-.4Zm-51,11.5-5.8,5.6,5.9,6.3c.7.8-.3.5-.3,1.3,0,.6.9.1,1.3.4.2.4.4.7.6,1.1.3.6,1.4-.1,2.1.3.5.3.7.8,1.1,1.2,1,.9,2.1.7,3.3.4a9,9,0,0,0,2.6-1.7c1-.7,1.6,1,3,1.4,2,.5,3.4.6,5-1,1.3-1.4,3.9-3.2,3.9-5.2-.7-.4-1.9.4-2.6.6-1.2.2-.7-3.1-1.1-4.2-.7-2.1,1-3.9,2.2-5.5,1.2-1.1,1.7-3.8-.7-3.4-1,.2-2.5.8-3.3-.3-.6-.8,2.3-.7,2.8-.9,1.3-.7.5-2.2-.6-2.5a6.63,6.63,0,0,1-1.9-.9c-1-.7-1.2-1.5-2.1-2.3l-2.3-3.2h0l-13.1,12.5Zm17.6-15.9h0l4.8,5.6c-.3.4-.7,1.5-.3,2s1.1.2,1.6.4c.9.5.9,1.1,1.5,1.9.2.3,1.1,1.1,1.5.8.6-.5.2-2.7,2-2.2a5.33,5.33,0,0,1,2.3,1.6c.7,1.3-1.1,3.5-1.4,4.8a3.94,3.94,0,0,0-.1,2.4c.4.9,1.5-1,2.2-.8.2,1.1-1.5,1.5-.6,2.7.8,1,1.2,1.8.1,3-.3,1.6-2.2.2-2.5-.7-.8,0-2.6,2.4-2.2,3.3s1.8,1.6.8,2.7c-.6.7-.5,1.1-.6,2-.1.7-.9,1.2-1.5,1.4a2.57,2.57,0,0,0-1.9,2.2c-.2,1.1-1.1,1.4-1.8,2.1-.7.5-3,2.7-.6,2.7,1.2,0,2.3-.7,2.5.8.3,2.3.7,3-1.2,4.5-.5.4-1,1.1-1.6,1.7l-2.8,2.9c-.8.8-.6,1.3-.5,2.3a12.27,12.27,0,0,1-2.3,2.8c-1.4.5-3.4-.6-2.1,2,0,.1.5.5.6.6,0,.5-.4.7-.5,1.2-.2,1,.2,1.9-1.1,2.3s-1.3.8-2.4-.3a2.69,2.69,0,0,0-2.6-.3c-1.3.6.2,3.1-1.7,2.7-.5-.1-2.1-1-2.1.1,0,.7.6.6-.1,1.5-.8,1.1-.9,1.7.1,2.8a9.77,9.77,0,0,1,.4,4.5c-.4,1.5.1,4.1-.6,5.3-.2.3-.7,2,.2,1.6,1.3-.6.9-1,1.8-1.9s1.3,3.2,2.3,2.4c1.2-.9,2.1-3.1,3.8-1.9l1.7,1.2c1,.6.5,2.4,2.3,2,.7-.1,2-1.2,2.2-.5.1.4,1.2,1.6.6,1.9-1.7.8-2.7,1.2-3.5,3-1,2.1-2.1.4-3.3,1.4a3.38,3.38,0,0,1-1.9.9c-1.7.4-1.9-2.6-3.2-.5-.9,1.4-1.7,2.8-.9,4.5,1.1,1.1,2.1,1,2.6,2.8.3,1.2,1.2,1.2,1.8,2,2.9,3.8,5.9-4.7,8-4.7l.1.1c0,.4-.2,2.3,0,2.4h.2c1.8-1.8,3-.3,4.7.7s6.3-.3,6.4,3.1c.1,1.4,1.7,2.5,1.7,2.9-.1,1.3-1.5,2.8,0,4.1,1.6,1,1.3,1.9.5,3.3-.9,1.7.7,1.3,1.5.5,1.1-1.2,3.9-1,3.4-3.2-.4-1.9,2.7-4.3,3.9-5.3,1.3-.7,1.3-1.6,2.1-2.4.3-.3,1.5.6,1.9.6l4.5-.3c2.3-.2,5.5-3.8,5.9-6.2.6-3.8,1.4-1.6,3.5-2.8s4.3-6,5.4-1.8c.4,1.4,1.8.6,2.3-.2a10.82,10.82,0,0,1,3.1-3.3h0l2.5-1.1c1.1-1,2.1-2,3.1-3.1.4-.5,1.6-2.9,2.3-2.4s1.3,1.3,2.2,1.1c.5-.1.9-2.2,2-2.7.7-.3.3-1.1.3-1.7a21.74,21.74,0,0,1,.2-3.6c.2-1.2-1.3-1.3-1.3-2.6,0-.6.2-1.2.2-1.8s1.9-.4,2.3-.6c2-.7-.9-3-.8-3.5.1-.8,3.5.4,4.1.4s.5,1.8,1.1,2.3c1,.8,1.2-1.7,1.3-2,.4-.7,1-.9,1.5-1.4.3-.4-.7-1.2-.9-1.6a14.64,14.64,0,0,1,1.2-5c1.1-2.1-1.3-.8-1.8-2-.5-1-1.1-.5-2-.7s.1-2.3-.1-2.9c-.3-.9-4-1.2-4.7-1.1-1.6,0-1.2.7-2.1-.7-.5-.8-.8-2-1.3-2.8-.8-1.3.5-1.8,1-2.8.1-2.5.1-3.1-1.3-5.1-1-1.4,1.2-2.6,1.4-3.7l.6-3.5c.2-1.5,1.6-2.5,1.9-3.8.2-.8-.1-1.2.6-1.7,1.1-.8,1-1.1.2-2.3-.7-1.4-4.1-1.8-3.1-3.1a4.07,4.07,0,0,1,3.2-1.8c.9.1-.3,1.6.5,2,1.5.7,2.5.1,3.3-1.1,1.4-2,.8-3.2.5-5.4-.5-3.5-4.1-1.6-6.7-2.7-2.1-.9-3.2.2-5.2-.1-.9-.1-1.4-.8-2.5-.9s-2.1.2-3-.6c-1.8-1.7-5.4,1.3-5.4-1.1a8.52,8.52,0,0,1,.4-2.3c-.9-1.1.7-3,2.1-2.3,2.1,1,1.7-2.4,1.7-3.2-.8-.6-5.6,2.5-3.6-1.1,1.4-2.5-2-3.4,1-5.6,1-.8,2.4-2.3,1.9-3.7-.3-.9-1-4.2-1.6-4.8-1.9,0-5.7,3.3-7.6,4.2a30.88,30.88,0,0,1-9.5,2.4c-1.8.2-5,.2-6.7.8h0l.2,2.4c0,.3.1.4-.1.7a4.19,4.19,0,0,0,.2,2.7c.1.3-.3.8-.4,1a5,5,0,0,0-.2,1.7l5.4,7.6h0l.7.3c.3.1.3.6.3.9s-.7.8-1,1.1-.5.6-.9.5-.4-.7-.4-1.1h-.9c-1.1,0-.8,2.5-1.7,3.1-.1.1-1,.5-.7.7,1.7,1.5.3,2.2-.7,3.5-.8,1-1.7,2.8-2.6,3.6-1,1-2.1-1.2-1.9-1.9.1-.5,1.2-1.4,1.1-1.7-.2-.7-1.2-.9-.7-1.7.7-1.2.7-1.4-.9-1.9-1.2-.4-3.3.5-4-.7-.3-.4-.5-.9.2-1.1,1.6-.5-.1-2.1-.8-2.6s-2.4-2.5-2.1-3.4,1-1.6-.1-2.1-1.9,1-2.6-.5l-5.3-6.2h0Z"
      id="canton-fribourg"
      transform="translate(0.38 0.35)"
    />
    <path
      className="canton"
      d="M118.7,170.3a4.82,4.82,0,0,0,1.5-2.2,7.49,7.49,0,0,1,2-1.5c.4-.2,1.2-.2,1.4.3a4.1,4.1,0,0,1,.1,1.1c0,.4.2.7.1,1.1-.2.8-.9,1.4-1.2,2.2-.5,1.2-1,2.3-2.4,2.6-.4.1-.9-.7-1.1-1.1-.4-.8-1.3-.9-.8-1.9l.4-.6Zm6.9-.2c2.6-.6,3.1-1.3,4.4-3.4.7-1.1,1.9-2.1,2.7-3.3,1.7-2.8,2.7,1.9,4.4,2.6,2.3,1,.1,2.9-.7,4.2-.5.9-1.4,3-2.7,2.7s-1.2-1.9-2.1-2.3c-1.4-.7-2.6.7-3.8,1.5a3.44,3.44,0,0,1-2,.4c-1.3-.1-.8-.8-1-1.6l.8-.8Zm19.8-47.9,11.2-7.5,5.3,1.6h0l3.2.8h0l.2,2.4c0,.3.1.4-.1.7a4.19,4.19,0,0,0,.2,2.7c.1.3-.3.8-.4,1a5,5,0,0,0-.2,1.7l5.4,7.6h0l-1.3,1.7H168c-1.1,0-.8,2.5-1.7,3.1-.1.1-1,.5-.7.7,1.7,1.5.3,2.2-.7,3.5-.8,1-1.7,2.8-2.6,3.6-1,1-2.1-1.2-1.9-1.9.1-.5,1.2-1.4,1.1-1.7-.2-.7-1.2-.9-.7-1.7.7-1.2.7-1.4-.9-1.9-1.2-.4-3.3.5-4-.7-.3-.4-.5-.9.2-1.1,1.6-.5-.1-2.1-.8-2.6s-2.4-2.5-2.1-3.4,1-1.6-.1-2.1-1.9,1-2.6-.5l-5.1-6ZM32.4,255.8c-.1-.1-.1-.1-.1-.2a1,1,0,0,0-1.2-.1c-.4.2-.8,1.4-.1,1.4.4,0,.7-.2,1.1-.2a.9.9,0,0,0,.5-.1c.3-.3,0-.6-.2-.8Zm4.7-1.7a9.06,9.06,0,0,1,1.1-1.6c1.5-1.8,2.9-4.3,4.7-5.8.9-.7,1.3-1.7,2.7-1.1,1.2.5,1.9,0,2.4-1.5,0-.7-.6-1.3-.6-1.8,1.5,0,1.8-2.8,1.8-3.8,2.1,0,2.2-1.4,3.4-2.8.3-.3.7-1.5.9-1.6a4.69,4.69,0,0,0,2.4-1.5c.7-.7.2-1.5,1.5-1.8a34.52,34.52,0,0,1,4.3-1.2c1.3-.1,2.5,1.5,3.6,1,1.7.2,1.8-.8,3.1-1.3a33.2,33.2,0,0,0,5.4-2.5c.4-.2,1.2.2,1.3-.5a2.39,2.39,0,0,1,1.8-2.5c1.3-.3.8-.3,1.4-1.4a3.45,3.45,0,0,1,1.2-1.2c.9-.6,1.1-1.8,2.1-2.3a4.46,4.46,0,0,1,3.9.3c1.4.8,2.7,1.7,4.6,1V220c.3-.1.3-.9,1-.9,1.1,0,1.4-1.1,2.3-1.1a1.68,1.68,0,0,1,1.8.9c.1.3,2.7.7,3.5,1.5,1.2,1.2,1.1-.6,2.2.1,1.4.8,3.4.1,5.3.7l3.3,1c1.3.4,2.1,1.4,3.3,2,.8,0,1.9,1,2.6.8,1.9-.7,1.8-1.3,3.3.4,2.3,2.5,5,1.3,7.4,2.7.9.5,4.9.9,4.9,1.4.2,2.1,1.7.8,2.9,1.9.5.5.4,1.9,1,1.9a8.52,8.52,0,0,1,2.3.3c.4.1.4.6.6.9.9,1.2,3.4-.1,4,1.3.2.4.4,1.3.6,1.6.4.4,1.4-.1,1.5,0a9.44,9.44,0,0,1,.3.9,1.46,1.46,0,0,0,.6.9c.2.2-.1.4,0,.6.3.9,1.2,2,.4,2.9-.6.6-.5,1.3-.9,1.8s-2.6.1-3.1,0h-.5c-.8,0-5.5.5-5.7-.1h-.3l2.8,3.3c.3.2.7.7.9.8.3,1.8-.1,3.2.1,4.9a8.11,8.11,0,0,1,1,2.1c1.3,2.5,3.2.5,4.8,1.6s1.3,4.5,1.6,6.2c.2,1.2-.3,2,.7,3s2.1,1.3,3.1,2.3c.7,1.3.6,2.7,1.2,4a10,10,0,0,0,2,2.6c2.4,2.8,3.3,6.3,4.3,9.8,1.1,1.5,2.3,2.6,3.3,4.2s1.8.2,3.2-.3c1.1-.4,2.4-2.1,3.5-1.9.8.1,1,.5,1.8,0l3.5-2.6A5,5,0,0,0,174,283c.5-.7.3-1.7.7-2.5.1-1.5,1-1,2-1.3,2.1-.8,2.1-2.6,3.9-3.9,1.4-1,1.4-2.4,3-3.1s1.2-.9.6-2.2c-.7-1.6,2-.8.7-3.1-1.2-2,.4-4,1.9-5.2l2.3-2.6h0l.5-3.1a13,13,0,0,1,.4-3.9c.4-2.1-1.3-.1-2.1-.7a3.17,3.17,0,0,1-.9-2.3c-.4-1.7-1.4-.9-1.7-1.3-.5-.9.9-3.2,1.3-4,.6-1.4,1-4,.1-5.3s-1.5-1.4-1.6-3.2c1.1-1.5,3.2.4,4.5-.9a5.09,5.09,0,0,0,.8-3.6c-.3-.7.1-1.8-.1-2.6-.3-1.6-1.1-2-.3-3.8s2.4-2.2,3.1-4c.8-2.1-.2-5.5-.7-7.5l-1-3h0a10.82,10.82,0,0,0-3.1,3.3c-.5.8-1.9,1.5-2.3.2-1.2-4.2-3.2.5-5.4,1.8s-3-1-3.5,2.8c-.4,2.4-3.6,6-5.9,6.2l-4.5.3c-.5,0-1.6-.9-1.9-.6-.9.9-.8,1.8-2.1,2.4-1.2,1-4.3,3.4-3.9,5.3.5,2.1-2.3,2-3.4,3.2-.8.8-2.4,1.2-1.5-.5.7-1.4,1.1-2.4-.5-3.3-1.4-1.3,0-2.8,0-4.1,0-.4-1.6-1.5-1.7-2.9-.1-3.4-4.6-2-6.4-3.1s-3-2.5-4.7-.7h-.2c-.2-.2.1-2,0-2.4l-.1-.1c-2.1,0-5.1,8.6-8,4.7-.7-.9-1.5-.9-1.8-2-.5-1.7-1.5-1.7-2.6-2.8-.8-1.6.1-3.1.9-4.5,1.3-2.1,1.5.9,3.2.5a6.63,6.63,0,0,0,1.9-.9c1.2-.9,2.3.7,3.3-1.4.9-1.8,1.9-2.2,3.5-3,.6-.3-.5-1.5-.6-1.9-.2-.7-1.6.4-2.2.5-1.8.4-1.3-1.4-2.3-2l-1.7-1.2c-1.8-1.2-2.7,1-3.8,1.9s-1.3-3.4-2.3-2.4-.6,1.3-1.8,1.9c-1,.4-.4-1.3-.2-1.6.8-1.2.2-3.9.6-5.3.3-.5.1-4-.4-4.5-.9-1.1-.8-1.7-.1-2.8.7-.9,0-.9.1-1.5.1-1.1,1.6-.2,2.1-.1,1.9.5.4-2.1,1.7-2.7a2.69,2.69,0,0,1,2.6.3c1.1,1.1,1.1.7,2.4.3s.8-1.3,1.1-2.3c.1-.5.5-.7.5-1.2-.1-.1-.6-.5-.6-.6-1.3-2.6.7-1.5,2.1-2a12.27,12.27,0,0,0,2.3-2.8c-.1-1-.4-1.4.5-2.3l2.9-2.8a12.88,12.88,0,0,1,1.6-1.7c2-1.5,1.6-2.1,1.2-4.5-.2-1.5-1.3-.8-2.5-.8-2.4,0-.1-2.1.6-2.7s1.6-1,1.8-2.1a2.57,2.57,0,0,1,1.9-2.2c.6-.2,1.5-.7,1.5-1.4.1-.9,0-1.3.6-2,1-1.1-.4-1.8-.8-2.7s1.4-3.3,2.2-3.3c.3.8,2.1,2.3,2.5.7,1.1-1.1.8-2-.1-3-.9-1.2.8-1.6.6-2.7-.7-.2-1.8,1.7-2.2.8a3.32,3.32,0,0,1,.1-2.4c.3-1.3,2.1-3.5,1.4-4.8a5.33,5.33,0,0,0-2.3-1.6c-1.8-.5-1.3,1.7-2,2.2-.4.3-1.2-.5-1.5-.8-.6-.8-.6-1.4-1.5-1.9-.5-.3-1.3,0-1.6-.4a2.13,2.13,0,0,1,.3-2l-4.8-5.6h0l-4.5,3.3h0l2.3,3.2c.8.8,1.1,1.6,2.1,2.3a6.63,6.63,0,0,0,1.9.9c1.1.3,1.9,1.8.6,2.5-.4.2-3.3.1-2.8.9.8,1.1,2.2.5,3.3.3,2.4-.5,1.9,2.2.7,3.4-1.2,1.6-2.8,3.4-2.2,5.5.3,1.1-.1,4.4,1.1,4.2.8-.1,2-1,2.6-.6,0,2-2.6,3.9-3.9,5.2-1.6,1.7-3,1.6-5,1-1.4-.4-2-2.1-3-1.4a9,9,0,0,1-2.6,1.7c-1.2.3-2.3.5-3.3-.4-.5-.4-.6-.9-1.1-1.2-.7-.5-1.8.3-2.1-.3-.2-.4-.4-.7-.6-1.1-.4-.2-1.4.3-1.3-.4s1-.5.3-1.3l-5.9-6.3,5.8-5.6h0l-5.3-4.8c-1.4-.9-1-2-1-3.4,0-1.7-.9-2.1-2.2-2.9-2.9-1.9,1.2-6.4,0-6.9s-5,2-6,2.6c-2.8,1.5-4.8,2.8-6.5,5.5a4.71,4.71,0,0,1-3.9,2.6c-1.8,1.2-3.8.1-5.5,1.3-1.5,1.1-3.6,1.7-5.1,2.8-.9.6-1.5,1.7-2.4,2.4-1.1.9-2.4.7-3.6,1.4-1.5.8-3.3,1.5-5,1l-2-1.1h0c-.1.2-.1.5-.2.7a18.19,18.19,0,0,1-1.6,3.1,18.29,18.29,0,0,0-.8,2.5c-.4,1.3-1.3,2.1-.9,3.5.6,2,1.2,2,2.4,3.5,0,.6,1.1,1,.6,1.9a16.81,16.81,0,0,0-.9,3.2,6.71,6.71,0,0,1-3.2,2.8c-2.9,1.2-5.1.5-5.3,4-.1,1.2-1,1.5-2.1,1.3-1.3-.3-.4.9-1.3,1.4L51,178.7c-1.7,1.1-4.2,1.7-4.8,3.8-.7,2.3-3.4,3.6-4.6,5.7a18.71,18.71,0,0,0-4.3,3.6c-.6.7-1.3.6-1.9,1.1a19.28,19.28,0,0,0-2.7,3,9.24,9.24,0,0,1-2.2,1.7c-1.3.7-3.1,2.8-4.3,3.9l-4,3.7,6.7,6.7-1.1,1.3.9,1.1-5.5,4.2c-.4,1.1-1,2-1.4,3a29.74,29.74,0,0,1-2.7,5.7,21.58,21.58,0,0,1-2.7,3.3c-1.8,2,2.3,1.9,1.8,3.9-.4,1.5-2.3,4.1-3.2,5.5l4.1,1.8c2.3,1,3.4,3.3,5.9,4.2,1.2.5,1.2,1.5,2.1,2.2s2.3,1,2.8,1.7c.6.3,1.1,1.1.5,1.7-1.2,1.2-1.2,2.8-2.2,4-.9,1-2.2,1.1-2.2,2.9,0,1.2-.9,1.9-1.7,2.8h0l1.6,2.5,5.4,3.4h0c.1-.1.2-.3.4-.4a5.55,5.55,0,0,0,.6-.8c.1-.3.7-.8.9-1.2.4-.5.8-1,1.2-1.6a10.76,10.76,0,0,0,1.3-2.9,13.82,13.82,0,0,0,.8-2.7h0l-4.6-3.8,2.2-2,3,2.4Z"
      id="canton-vaud"
      transform="translate(0.38 0.35)"
    />
    <path
      className="canton"
      d="M134.7,244.5l2.8,3.3c.3.2.7.7.9.8.3,1.8-.1,3.2.1,4.9a8.11,8.11,0,0,1,1,2.1c1.3,2.5,3.2.5,4.8,1.6s1.3,4.5,1.6,6.2c.2,1.2-.3,2,.7,3s2.1,1.3,3.1,2.3c.7,1.3.6,2.7,1.2,4a10,10,0,0,0,2,2.6c2.4,2.8,3.3,6.3,4.3,9.8,1.1,1.5,2.3,2.6,3.3,4.2s1.8.2,3.2-.3c1.1-.4,2.4-2.1,3.5-1.9.8.1,1,.5,1.8,0l3.5-2.6a5,5,0,0,0,1.5-1.4c.5-.7.3-1.7.7-2.5.1-1.5,1-1,2-1.3,2.1-.8,2.1-2.6,3.9-3.9,1.4-1,1.4-2.4,3-3.1s1.2-.9.6-2.2c-.7-1.6,2-.8.7-3.1-1.2-2,.4-4,1.9-5.2l2.3-2.6h0c1.6.3,2.3.9,4,.1,2-1,2.1-2,2.1-4.1,0-3.3,1.9-2.8,4.2-4,.8-.1,1.8.2,2.1-.6.2-.5,1.1-1.8,1.7-1.8.6,1-2.3,7.7,1.2,6.9,2.7-.6,6.3-1.8,8.5-3.7s3.4-2.9,6.1-3.8c1.7-.6,2.6-1.3,4.6-.9,1.2.3.7,1.1,1.5,1.7,1.5,1,2.1-2.5,3.5-1.4,1,.7-.3,2.7,2.1,2.7,2.4.4.6-.9,2-1.3s4,2.1,4.7-.9c.4-1.5,2.9-.8,1.4-2.3-.8-.9-2.3-1-3.2-2-.5-.6,1.6-2.7,2.3-2.7a11.22,11.22,0,0,0,4.8-.7c1.4-.4,1.5.6,2.6,1.1.9.5,2.2-2.8,2.1-3.6-.2-1.9.6-1.5,1.9-2.7s.9-1.3,2.5-.4c3.8,2.1,6.9,2.6,10,5.7,2.5,1.3,1.6-.6,3.4-1.4,2.6-1.1,5.2-2.2,7.3-4.4,1.5-1.6,2.8-3.8,5.1-4.3,2-.4,3-1.6,4.4-2.9,1.6-1.4,4.4-.3,6.6-1.3,2.4-1,5-.9,6.4-3.5l1.4-2.5c.4-.8,1.3-.1,2,0,.5.1,2.2-1.7,3-2.1,2.6-1-2.2-3.4.6-4.9,3.7-1.9,4.9-6,9.7-4.4,1.5.5,3.5,2,5.1,1.4s4.5.9,6.1,1.2c1.5,1.5,3.1,2.1,4.8,3.4s3.3.4,5,.4c.5,1.8.6,2.8,2.7,2,3.2-1.3,6.8-.5,10-1.5,4-1.2,5.7-3.2,8.7-5.6.7-1.6,1-1.3,2.7-1.3,1.9,0,2.5-1.9,3.5-3.2.7-.9.5-2.4.3-3.6-.4-2.2,2.7-4.2,1.7-6.2-1.2-2.5,1.9-3,3-5l2.9-2.7h0c.4.1.5.4.9.6s1.1.4,1.1.9a10.55,10.55,0,0,1-.6,2.4,5.93,5.93,0,0,0,.5,2.3,9.7,9.7,0,0,1-.1,1.7c-.2,1-.9,1.6-1.2,2.5a23.28,23.28,0,0,0-.8,3.8c-.3,1.9,1,3.4,1.7,5,1.1,2.6.5,4.7,3.3,6.2.6.3.8.7,1.5.8,2.1.4,2.5.5,3.8,2.1h0l-.9,1.9c-1,1-2.4,1.9-3.1,3.1-.8,1.4-1.3,1.3-2.8,1.7l-2.4.6c-.7.2-2.5-.9-3-.6s.3,2.4-.8,3.2c-.6.4.1,1.5.2,2.1.2.9-.5,1.5-.9,2.3l-.3,1.9h0a5.58,5.58,0,0,0-3.5,1.5l-4.7,3.7c-1.9,1.5-1.9-.2-3.6,1.8-1,1.4-2.7,2.2-.7,3.4.9.5,2.6.4,2.4,1.8-.1,1,.4,1.9.1,2.9-.5,1.7-2.3,1.7-3.3,2.8-.6.6-.8,1.5-1.8,1.4-.8,0-1.2-.8-1.8-.5-1,.4-1.1,1.8-.7,2.7.8,2.1-4.7,2.8-5.8,4.2-.5,2-2,5.3-3.6,6.6-.9.8-4.9,2.4-6,2.3s-2.7-2.2-3.4-1.9c-2,.8-2.3,3.2-3.7,4.4-1.3,1-3.5,3.8-5.1,4.1-.4.8,1.4,2.6,2,3.1,1.9.3,2.3-.3,2.9,1.5.1.3.5.5.6.9a10.4,10.4,0,0,0,2.6,3.6c.7.8.2,1.7,1,2.5a4.08,4.08,0,0,1,1.5,3.7c-.1.9.7,1.3,1.2,1.8.8.9,1.3.7.5,2.1a12.75,12.75,0,0,1-1.5,2.5,1.36,1.36,0,0,0-.3,1.7c.3.9,1.6,1.8.9,2.8-2,3.1-5.8.5-6.5,5-.4,2.2-2.3,2.7-4.3,2.4a33.54,33.54,0,0,0-6.3,2.2c-1.7.9-1.5,1.3-1.6,2.9,0,.8-1.1,1.4-1.3,2.1a6.65,6.65,0,0,0,.4,4.8c1.1,2.3,1.4,2.3-.6,3.5-1.8,1.1-1.2,2.8-1.4,4.5s-1.1.9-1.9,1.7c-.3.5-1.7,3.1-2.1,3.1-1.2,0-1.5-1-2.7-.8l-8.7.8c-1.1.1-1.5,2.1-2.1,2.9-.9,1.3-3.5,1.6-3.3,3.3.3,2.8.3,4.5-1.3,7-.6,1,1.4,1.6,1.1,2.5-1,2.4-2.4.1-3.8.6-2.4-.2-3.4-2.5-5.6-.5s-3.8.2-4.8-2c-.4-.9-2.8-1.6-3.8-1.8-2.5-.6-2.2,5.3-5,3.6s-1-6.1-3.1-6.8c-1.7-.6-2.9.9-3.5-1.8-.5-2.3-1.7-2.1-3.5-2.4-1.3,1.1-3,.9-4.6.6s-2.8.7-4.4.4c-3.3-.6-.8-4.6-4.4-4-1.6.2-3.6,1.6-3.2,3.3.6,2.8,0,4.6-3,3.1-2.2-1.1-1.3.4-2.8.4-.6,0-.3-1.1-.6-1.1-.8-.1-3.4,2.5-4.3,2.9,0,1.5.8,3.8-1.7,3.4a3.75,3.75,0,0,0-3.5.9c-1.6,1.4-3.2,4.3-5.1,4.3-1.5,0-1.7,4.4-4.1,2-.7-.7-1.6-.2-2.4-.9a22,22,0,0,0-2.3-2c-1.3-.9-1.6,1.1-3.1,1-.8,0-.7-1.1-1.3-1.5s-1.8-.3-2.6-.9c-1.7-1.2-3,3.4-3.9,4.5-.6.8-3.9,4.3-3.9,1.5-.8-.5-2,1.5-3.1.4-.8-.8-2.1,1.5-2.6,1.9-2.1,1.5-1,6.2-4.1,3.7l-3.8-3.1c-1.6-1.3-4.8,4.2-6.8,4.2s-2-1.4-2.9-2.8c-.4-.9-.5-1.5-1.3-2.1-.6-.6-1.1-.8-1.2-1.7-.3-1.7-2.2-1.1-2.2-3.2,0-1.5-.4-1.6-1.6-2.3-.6-.3-.7-1-1.4-1.2h0l-.4-2.4c-.4-.9-.2-4.4-.7-4.8-1.2-.8-4-.6-4.1-2.9-.1-1.7,1.8-1.2,2.1-2.2.3-.7-1.9-2.8-2.2-3.7-.6-1.6-3.7-.4-3.3-3.4a5.46,5.46,0,0,0-2.3-3.3c-1.1-.8-1.1-2.4-2-3.2-.7-.7-1.7-1.1-2.2-2a7.5,7.5,0,0,1-.9-3c-2.4,0-5.6,6.6-8.3,4.1-3.5-3.4,2.8-6,1.1-9.1a1.76,1.76,0,0,1,.2-2.5l.1-.1c.8-1.5,1.3-3.9.6-5.3-1.1-.2-2.1.7-3,.2-1.3-.7-2.3-.4-3.7-.8-.8-.2-1.5-1.2-2.3-1.2-1.6,0-2.1,1.1-3.5.1-1.9-1.3-2.2-.1-2.4-3-.1-1.4-1.2-3.5.4-4.6,3-2,1.4-4.7,1.5-7.4a5.51,5.51,0,0,1,.7-3.3c.5-1,1.4-1.6,1.4-2.7,0-.6-.3-1.4.5-1.4,1.1,0,1.5-1.1,2-1.8.7-1.4.4-1.6,2-2.3,1-.4.9-3.2,1.7-4.2,1.7-2.1-1.3-3.8-2.9-4.3-1.9-1.2-1.7-2.9-2.8-4.4-.9-1.1-3.2-1.4-3.7-2.4s.5-1.7-.9-1.9-1.6-1.1-2.1-2.4-1.5-2.1-1.4-3.4,3-2.6,4-3.4c1.4-1.1,1.2-1.1.7-2.7l.6-1.8h0a7,7,0,0,0,4.8,1.6,12.21,12.21,0,0,0,2.7-.1c.8-.9-.3-2,.1-2.6Z"
      id="canton-valais"
      transform="translate(0.38 0.35)"
    />
    <path
      className="canton"
      d="M32.4,255.8c-.1-.1-.1-.1-.1-.2a1,1,0,0,0-1.2-.1c-.4.2-.8,1.4-.1,1.4.4,0,.7-.2,1.1-.2a.9.9,0,0,0,.5-.1c.3-.3,0-.6-.2-.8Zm-8.2,5.3a4.18,4.18,0,0,0-1.1,1.8c.1.9.2,1.7.3,2.6s-1.2,2.3-1.9,2.9c-1,1.9.4,1.9,0,3.5-.3,1.2.7,1.3,1.4,2s1.9,2.3,1.1,2.8c-.6.5-2.7,3-3.3,3h-.1c-.6-.7-1.7-2.3-2.7-1.9a7.74,7.74,0,0,1-1.6.7c-.8.2-.9-.8-1.4-.8-.1-.2-.7.5-.7.6a9.13,9.13,0,0,1-2.4,2.4c-.8.1-1-.8-1.7-.8a7.61,7.61,0,0,0-3,1c-.4.3-.1,1.1-1,1.5a2.9,2.9,0,0,1-1.8.5,10.1,10.1,0,0,0-1.6,1.3c-1,.8-2,1.6-1.4,3a2.94,2.94,0,0,0,1.5,1.6c.9.5,2,3.2,2.7,3.9-1-.1-1.7-.8-1.7,1.1h0c-.3-.1-1.5-1.4-1.4.5a5.61,5.61,0,0,1-.9,3.1,9.21,9.21,0,0,0-1.3,2.4,4.3,4.3,0,0,0,0,1.6c0,.1-.1.1.1.1l3.9-1.1c1.2-.5,2.9-.3,4.2-.5s2.9,2.9,4.2,0c1-2.1,1.4-1.4,3.6-1.4,1.2,0,3.3-.4,4.2.5,4.3,4.3,6.7-.5,10.6-2,1.4-.9,1.7-.4,2.3-2.1.3-.9-.1-1.6.1-2.4a25.72,25.72,0,0,1,3.3-3.3c.9-.7,2-2,3-2.4s1.5,0,2.5-.2,2.7-1.6,3.7-2.1a16.91,16.91,0,0,0,4.1-2.9c2-2.4,1.8-3.4,1-6.2-.2-.5,0-1.6-.6-1.9-.8-.3-2.7,2.8-4,3s-3.2-4.1-4-5c-.6-.7-1.8-2-.5-2.6,1.5-.7,1.1-2.8.6-4.2h0a1.27,1.27,0,0,1-.6.1c-.1.7-.2,1.3-.3,2-.3.9-1.3,1.3-1.8,2-.9,1.1-1.7,4.6-3.3,4.6s-1.4.2-1.4,1.8c0,1.2-.3,4.3-1.1,5.3-.6,1.5-2.3,4.1-3.7,4.7-.6.3-1.1.6-1.6.9-1,.6-.9.8-.9-.2.2-.1.2-1.6.4-1.8-.6-1,.1-4.8.1-5.9a6.74,6.74,0,0,1,2.5-4.9c.3-.2.2-.8.4-1.2.5-1.3-.4-1.8-.3-2.9,0-.5,1.3-1.3.3-1.5a2.2,2.2,0,0,1,.1-.8h0l-5.4-3.4-1.7-2.4Zm12.1-3.7h0l-4.6-3.8,2.2-2,3.2,2.6h0a5.38,5.38,0,0,0-.8,2.8Z"
      id="canton-geneve"
      transform="translate(0.38 0.35)"
    />
    <path
      className="lake"
      d="M160.5,110.9c-1.5-.2-1.9.5-3.1.5s-1.7-1.4-2.4-1.6c-2.4-.7-3.6,1.1-4.9,2.5a13,13,0,0,1-3.7,1.9c-.8.2-1.7-.4-2.4.1s-1.2,1.7-2,2c-1,.4-2.1.2-3.1.6-2.2.8-1.2,1.8-1.8,3.2.5,1.6-.1,4.5-2,4.9-1.5.3-3.7.9-3,3,.3.8-1.2.4-1.8.5-2.2.6-2.4,1.5-3.7,2.9-.8.9-3.5,4.7-4.6,4.7-.6,0-.7.8-1.2,1.1-.7,1.8-.9,3.5-2,5-1,1.3-3.1,1.8-4.4,2.8-1,.8-1.2,1.8-2,2.6-1.3,1.3-2.9,1.5-3.9,3.1-.8,1.3-.5,1.1-2.1,1.4a7.89,7.89,0,0,0-2.9,1.8c-2,2.1-2.6,2.8-.1,5h.5c.3.9,3.1-.3,3.4-.5,2.8-1.5,5.2-4,8.6-3.9,1.9.1,3.1,1.7,4.8.1,2.1-2,4.3-5.7,6.7-7.1,1.3-.8,3-.1,4-1.6s2.5-2.2,3.5-3.4c1.5-.5,3.5-3.8,4.6-5.1.8-.9,1.3-2.1,2.4-2.7a18.93,18.93,0,0,0,6.4-4.8c.3-.3,1.1-1.9,1.2-1.8.8.4,2.9-1.7,3.3-2.4,1.1-1.4.5-1.9,2.2-2.8a8,8,0,0,0,2.1-1.5c1-.9,2.5-.8,3.2-2.3.6-1.3,1.4-2.4,2-3.8.2-.1,1-.4,1.1-.6s-.4-1.1-.5-1.3c-.5-.7-.9-1.4-1.4-2.1Z"
      id="lac-neuchatel"
      transform="translate(0.38 0.35)"
    />
    <g
      id="marker-Genève"
    >
      <circle
        cx="28.38"
        cy="286.35"
        id="ville-Genève"
        r="3"
      />
      <Link
        href="/weather/geneve"
      >
        <a
          href="/weather/geneve"
          onClick={[Function]}
          onMouseEnter={[Function]}
        >
          <text
            className="marker"
            data-name="ville-Genève"
            id="ville-Genève-2"
            transform="translate(7.36 296.35)"
          >
            Geneve
          </text>
        </a>
      </Link>
    </g>
    <g
      id="marker-Lausanne"
    >
      <circle
        cx="99.38"
        cy="218.35"
        id="ville-Lausanne"
        r="3"
      />
      <Link
        href="/weather/lausanne"
      >
        <a
          href="/weather/lausanne"
          onClick={[Function]}
          onMouseEnter={[Function]}
        >
          <text
            className="marker"
            data-name="ville-Lausanne"
            id="ville-Lausanne-2"
            transform="translate(73.02 228.35)"
          >
            Lausanne
          </text>
        </a>
      </Link>
    </g>
    <g
      id="marker-Fribourg"
    >
      <circle
        cx="185.38"
        cy="151.35"
        id="ville-Fribourg"
        r="3"
      />
      <Link
        href="/weather/fribourg"
      >
        <a
          href="/weather/fribourg"
          onClick={[Function]}
          onMouseEnter={[Function]}
          tabIndex="0"
        >
          <text
            className="marker"
            data-name="ville-Fribourg"
            id="ville-Fribourg-2"
            transform="translate(163.03 161.35)"
          >
            Fribourg
          </text>
        </a>
      </Link>
      <text
        className="marker"
        transform="translate(182.04 143.35)"
      />
    </g>
    <g
      id="marker-Montreux"
    >
      <circle
        cx="142.28"
        cy="236.25"
        id="ville-Montreux"
        r="3"
      />
      <Link
        href="/weather/montreux"
      >
        <a
          href="/weather/montreux"
          onClick={[Function]}
          onMouseEnter={[Function]}
          tabIndex="0"
        >
          <text
            className="marker"
            data-name="ville-Montreux"
            id="ville-Montreux-2"
            transform="translate(117.36 246.27)"
          >
            Montreux
          </text>
        </a>
      </Link>
    </g>
  </svg>
</SimpleChRoMap>
`;
