// Jest Snapshot v1, https://goo.gl/fbAQLP

exports[`ListCities component should render 1`] = `
<ListCities>
  <ul
    className="grid"
  />
</ListCities>
`;
